
> nexfolio@0.1.0 build
> next build

node.exe : ΓÜá Warning: Next.js inferred your workspace root, but it may not be correct.
At line:1 char:1
+ & "C:\Program Files\nodejs/node.exe" "C:\Program Files\nodejs/node_mo ...
+ ~~~~~~~~~~~~~~~~~~~~~~~~~~~~~~~~~~~~~~~~~~~~~~~~~~~~~~~~~~~~~~~~~~~~~
    + CategoryInfo          : NotSpecified: (ΓÜá Warning: Ne...not be correct.:String) [], RemoteException
    + FullyQualifiedErrorId : NativeCommandError
 
 We detected multiple lockfiles and selected the directory of C:\Users\user\package-lock.json as the root directory.
 To silence this warning, set `turbopack.root` in your Next.js config, or consider removing one of the lockfiles if 
it's not needed.
   See https://nextjs.org/docs/app/api-reference/config/next-config-js/turbopack#root-directory for more information.
 Detected additional lockfiles: 
   * C:\Users\user\.gemini\antigravity\scratch\nexfolio\package-lock.json


Γû▓ Next.js 16.2.4 (Turbopack)

  Creating an optimized production build ...


> Build error occurred

Error: Turbopack build failed with 31 errors:
./.gemini/antigravity/scratch/nexfolio/src/components/landing/FAQSection.tsx:6:1
Export FAQ_DATA doesn't exist in target module
  [90m4 |[0m [36mimport[0m { useRef, useState } [36mfrom[0m [32m'react'[0m;
  [90m5 |[0m [36mimport[0m { [33mChevronDown[0m, [33mHelpCircle[0m } [36mfrom[0m [32m'lucide-react'[0m;
[31m[1m>[0m [90m6 |[0m [36mimport[0m { [33mFAQ_DATA[0m } [36mfrom[0m [32m'@/lib/constants'[0m;
  [90m  |[0m [31m[1m^^^^^^^^^^^^^^^^^^^^^^^^^^^^^^^^^^^^^^^^^^^[0m
  [90m7 |[0m
  [90m8 |[0m [36mfunction[0m [33mFAQItem[0m({ item, isOpen, onClick }: {
  [90m9 |[0m   item: [36mtypeof[0m [33mFAQ_DATA[0m[number];

The export FAQ_DATA was not found in module [project]/.gemini/antigravity/scratch/nexfolio/src/lib/constants.ts 
[app-client] (ecmascript).
The module has no exports at all.
All exports of the module are statically known (It doesn't have dynamic exports). So it's known statically that the 
requested export doesn't exist.

Import trace:
  Server Component:
    ./.gemini/antigravity/scratch/nexfolio/src/components/landing/FAQSection.tsx
    ./.gemini/antigravity/scratch/nexfolio/src/app/pricing/page.tsx


./.gemini/antigravity/scratch/nexfolio/src/components/landing/FAQSection.tsx:6:1
Export FAQ_DATA doesn't exist in target module
  [90m4 |[0m [36mimport[0m { useRef, useState } [36mfrom[0m [32m'react'[0m;
  [90m5 |[0m [36mimport[0m { [33mChevronDown[0m, [33mHelpCircle[0m } [36mfrom[0m [32m'lucide-react'[0m;
[31m[1m>[0m [90m6 |[0m [36mimport[0m { [33mFAQ_DATA[0m } [36mfrom[0m [32m'@/lib/constants'[0m;
  [90m  |[0m [31m[1m^^^^^^^^^^^^^^^^^^^^^^^^^^^^^^^^^^^^^^^^^^^[0m
  [90m7 |[0m
  [90m8 |[0m [36mfunction[0m [33mFAQItem[0m({ item, isOpen, onClick }: {
  [90m9 |[0m   item: [36mtypeof[0m [33mFAQ_DATA[0m[number];

The export FAQ_DATA was not found in module [project]/.gemini/antigravity/scratch/nexfolio/src/lib/constants.ts 
[app-ssr] (ecmascript).
The module has no exports at all.
All exports of the module are statically known (It doesn't have dynamic exports). So it's known statically that the 
requested export doesn't exist.

Import trace:
  Server Component:
    ./.gemini/antigravity/scratch/nexfolio/src/components/landing/FAQSection.tsx
    ./.gemini/antigravity/scratch/nexfolio/src/app/pricing/page.tsx


./.gemini/antigravity/scratch/nexfolio/src/components/shared/Navbar.tsx:7:1
Export NAV_LINKS doesn't exist in target module
  [90m 5 |[0m [36mimport[0m [33mLink[0m [36mfrom[0m [32m'next/link'[0m;
  [90m 6 |[0m [36mimport[0m { [33mMenu[0m, [33mX[0m, [33mSparkles[0m, [33mChevronRight[0m } [36mfrom[0m 
[32m'lucide-react'[0m;
[31m[1m>[0m [90m 7 |[0m [36mimport[0m { [33mNAV_LINKS[0m, [33mSITE_CONFIG[0m } [36mfrom[0m 
[32m'@/lib/constants'[0m;
  [90m   |[0m [31m[1m^^^^^^^^^^^^^^^^^^^^^^^^^^^^^^^^^^^^^^^^^^^^^^^^^^^^^^^^^[0m
  [90m 8 |[0m
  [90m 9 |[0m [36mexport[0m [36mdefault[0m [36mfunction[0m [33mNavbar[0m() {
  [90m10 |[0m   [36mconst[0m [isScrolled, setIsScrolled] = useState([36mfalse[0m);

The export NAV_LINKS was not found in module [project]/.gemini/antigravity/scratch/nexfolio/src/lib/constants.ts 
[app-client] (ecmascript).
The module has no exports at all.
All exports of the module are statically known (It doesn't have dynamic exports). So it's known statically that the 
requested export doesn't exist.

Import traces:
  Server Component:
    ./.gemini/antigravity/scratch/nexfolio/src/components/shared/Navbar.tsx
    ./.gemini/antigravity/scratch/nexfolio/src/app/pricing/page.tsx

  Client Component Browser:
    ./.gemini/antigravity/scratch/nexfolio/src/components/shared/Navbar.tsx [Client Component Browser]
    ./.gemini/antigravity/scratch/nexfolio/src/components/shared/Navbar.tsx [Server Component]
    ./.gemini/antigravity/scratch/nexfolio/src/app/faq/page.tsx [Server Component]

  Client Component SSR:
    ./.gemini/antigravity/scratch/nexfolio/src/components/shared/Navbar.tsx [Client Component SSR]
    
./.gemini/antigravity/scratch/nexfolio/src/components/shared/Navbar.tsx [Server Component]
    ./.gemini/antigravity/scratch/nexfolio/src/app/faq/page.tsx [Server Component]


./.gemini/antigravity/scratch/nexfolio/src/components/shared/Navbar.tsx:7:1
Export NAV_LINKS doesn't exist in target module
  [90m 5 |[0m [36mimport[0m [33mLink[0m [36mfrom[0m [32m'next/link'[0m;
  [90m 6 |[0m [36mimport[0m { [33mMenu[0m, [33mX[0m, [33mSparkles[0m, [33mChevronRight[0m } [36mfrom[0m 
[32m'lucide-react'[0m;
[31m[1m>[0m [90m 7 |[0m [36mimport[0m { [33mNAV_LINKS[0m, [33mSITE_CONFIG[0m } [36mfrom[0m 
[32m'@/lib/constants'[0m;
  [90m   |[0m [31m[1m^^^^^^^^^^^^^^^^^^^^^^^^^^^^^^^^^^^^^^^^^^^^^^^^^^^^^^^^^[0m
  [90m 8 |[0m
  [90m 9 |[0m [36mexport[0m [36mdefault[0m [36mfunction[0m [33mNavbar[0m() {
  [90m10 |[0m   [36mconst[0m [isScrolled, setIsScrolled] = useState([36mfalse[0m);

The export NAV_LINKS was not found in module [project]/.gemini/antigravity/scratch/nexfolio/src/lib/constants.ts 
[app-ssr] (ecmascript).
The module has no exports at all.
All exports of the module are statically known (It doesn't have dynamic exports). So it's known statically that the 
requested export doesn't exist.

Import traces:
  Server Component:
    ./.gemini/antigravity/scratch/nexfolio/src/components/shared/Navbar.tsx
    ./.gemini/antigravity/scratch/nexfolio/src/app/pricing/page.tsx

  Client Component Browser:
    ./.gemini/antigravity/scratch/nexfolio/src/components/shared/Navbar.tsx [Client Component Browser]
    ./.gemini/antigravity/scratch/nexfolio/src/components/shared/Navbar.tsx [Server Component]
    ./.gemini/antigravity/scratch/nexfolio/src/app/faq/page.tsx [Server Component]

  Client Component SSR:
    ./.gemini/antigravity/scratch/nexfolio/src/components/shared/Navbar.tsx [Client Component SSR]
    ./.gemini/antigravity/scratch/nexfolio/src/components/shared/Navbar.tsx [Server Component]
    ./.gemini/antigravity/scratch/nexfolio/src/app/faq/page.tsx [Server Component]


./.gemini/antigravity/scratch/nexfolio/src/app/dashboard/billing/page.tsx:6:1
Export PLANS doesn't exist in target module
  [90m4 |[0m [36mimport[0m { motion } [36mfrom[0m [32m'framer-motion'[0m;
  [90m5 |[0m [36mimport[0m { [33mCheck[0m, [33mCrown[0m, [33mCreditCard[0m, [33mReceipt[0m, 
[33mDownload[0m, [33mArrowRight[0m } [36mfrom[0m [32m'lucide-react'[0m;
[31m[1m>[0m [90m6 |[0m [36mimport[0m { [33mPLANS[0m } [36mfrom[0m [32m'@/lib/constants'[0m;
  [90m  |[0m [31m[1m^^^^^^^^^^^^^^^^^^^^^^^^^^^^^^^^^^^^^^^^[0m
  [90m7 |[0m
  [90m8 |[0m [36mconst[0m invoices = [
  [90m9 |[0m   { id: [32m'INV-001'[0m, date: [32m'Apr 2026'[0m, amount: [32m'Γé╣99'[0m, status: 
[32m'Paid'[0m },

The export PLANS was not found in module [project]/.gemini/antigravity/scratch/nexfolio/src/lib/constants.ts 
[app-client] (ecmascript).
The module has no exports at all.
All exports of the module are statically known (It doesn't have dynamic exports). So it's known statically that the 
requested export doesn't exist.

Import traces:
  Client Component Browser:
    ./.gemini/antigravity/scratch/nexfolio/src/app/dashboard/billing/page.tsx [Client Component Browser]
    ./.gemini/antigravity/scratch/nexfolio/src/app/dashboard/billing/page.tsx [Server Component]

  Client Component SSR:
    ./.gemini/antigravity/scratch/nexfolio/src/app/dashboard/billing/page.tsx [Client Component SSR]
    ./.gemini/antigravity/scratch/nexfolio/src/app/dashboard/billing/page.tsx [Server Component]


./.gemini/antigravity/scratch/nexfolio/src/app/dashboard/billing/page.tsx:6:1
Export PLANS doesn't exist in target module
  [90m4 |[0m [36mimport[0m { motion } [36mfrom[0m [32m'framer-motion'[0m;
  [90m5 |[0m [36mimport[0m { [33mCheck[0m, [33mCrown[0m, [33mCreditCard[0m, [33mReceipt[0m, 
[33mDownload[0m, [33mArrowRight[0m } [36mfrom[0m [32m'lucide-react'[0m;
[31m[1m>[0m [90m6 |[0m [36mimport[0m { [33mPLANS[0m } [36mfrom[0m [32m'@/lib/constants'[0m;
  [90m  |[0m [31m
[1m^^^^^^^^^^^^^^^^^^^^^^^^^^^^^^^^^^^^^^^^[0m
  [90m7 |[0m
  [90m8 |[0m [36mconst[0m invoices = [
  [90m9 |[0m   { id: [32m'INV-001'[0m, date: [32m'Apr 2026'[0m, amount: [32m'Γé╣99'[0m, status: 
[32m'Paid'[0m },

The export PLANS was not found in module [project]/.gemini/antigravity/scratch/nexfolio/src/lib/constants.ts [app-ssr] 
(ecmascript).
The module has no exports at all.
All exports of the module are statically known (It doesn't have dynamic exports). So it's known statically that the 
requested export doesn't exist.

Import traces:
  Client Component Browser:
    ./.gemini/antigravity/scratch/nexfolio/src/app/dashboard/billing/page.tsx [Client Component Browser]
    ./.gemini/antigravity/scratch/nexfolio/src/app/dashboard/billing/page.tsx [Server Component]

  Client Component SSR:
    ./.gemini/antigravity/scratch/nexfolio/src/app/dashboard/billing/page.tsx [Client Component SSR]
    ./.gemini/antigravity/scratch/nexfolio/src/app/dashboard/billing/page.tsx [Server Component]


./.gemini/antigravity/scratch/nexfolio/src/components/landing/PricingSection.tsx:6:1
Export PLANS doesn't exist in target module
  [90m4 |[0m [36mimport[0m { useRef } [36mfrom[0m [32m'react'[0m;
  [90m5 |[0m [36mimport[0m { [33mCheck[0m, [33mSparkles[0m, [33mCrown[0m, [33mRocket[0m } [36mfrom[0m 
[32m'lucide-react'[0m;
[31m[1m>[0m [90m6 |[0m [36mimport[0m { [33mPLANS[0m } [36mfrom[0m [32m'@/lib/constants'[0m;
  [90m  |[0m [31m[1m^^^^^^^^^^^^^^^^^^^^^^^^^^^^^^^^^^^^^^^^[0m
  [90m7 |[0m [36mimport[0m [33mLink[0m [36mfrom[0m [32m'next/link'[0m;
  [90m8 |[0m
  [90m9 |[0m [36mconst[0m planIcons = [[33mSparkles[0m, [33mCrown[0m, [33mRocket[0m];

The export PLANS was not found in module [project]/.gemini/antigravity/scratch/nexfolio/src/lib/constants.ts 
[app-client] (ecmascript).
The module has no exports at all.
All exports of the module are statically known (It doesn't have dynamic exports). So it's known statically that the 
requested export doesn't exist.

Import trace:
  Server Component:
    ./.gemini/antigravity/scratch/nexfolio/src/components/landing/PricingSection.tsx
    ./.gemini/antigravity/scratch/nexfolio/src/app/pricing/page.tsx


./.gemini/antigravity/scratch/nexfolio/src/components/landing/PricingSection.tsx:6:1
Export PLANS doesn't exist in target module
  [90m4 |[0m [36mimport[0m { useRef } [36mfrom[0m [32m'react'[0m;
  [90m5 |[0m [36mimport[0m { [33mCheck[0m, [33mSparkles[0m, [33mCrown[0m, [33mRocket[0m } [36mfrom[0m 
[32m'lucide-react'[0m;
[31m[1m>[0m [90m6 |[0m [36mimport[0m { [33mPLANS[0m } [36mfrom[0m [32m'@/lib/constants'[0m;
  [90m  |[0m [31m[1m^^^^^^^^^^^^^^^^^^^^^^^^^^^^^^^^^^^^^^^^[0m
  [90m7 |[0m [36mimport[0m [33mLink[0m [36mfrom[0m [32m'next/link'[0m;
  [90m8 |[0m
  [90m9 |[0m [36mconst[0m planIcons = [[33mSparkles[0m, [33mCrown[0m, [33mRocket[0m];

The export PLANS was not found in module [project]/.gemini/antigravity/scratch/nexfolio/src/lib/constants.ts [app-ssr] 
(ecmascript).
The module has no exports at all.
All exports of the module are statically known (It doesn't have dynamic exports). So it's known statically that the 
requested export doesn't exist.

Import trace:
  Server Component:
    ./.gemini/antigravity/scratch/nexfolio/src/components/landing/PricingSection.tsx
    ./.gemini/antigravity/scratch/nexfolio/src/app/pricing/page.tsx


./.gemini/antigravity/scratch/nexfolio/src/app/layout.tsx:2:1
Export SITE_CONFIG doesn't exist in target module
  [90m1 |[0m [36mimport[0m [36mtype[0m { [33mMetadata[0m } [36mfrom[0m [32m'next'[0m;
[31m[1m>[0m [90m2 |[0m [36mimport[0m { [33mSITE_CONFIG[0m } [36mfrom[0m [32m'@/lib/constants'[0m;
  [90m  |[0m [31m[1m^^^^^^^^^^^^^^^^^^^^^^^^^^^^^^^^^^^^^^^^^^^^^^[0m
  [90m3 |[0m [36mimport[0m [32m'./globals.css'[0m;
  [90m4 |[0m
  [90m5 |[0m [36mexport[0m [36mconst[0m metadata: [33mMetadata[0m = {

The export SITE_CONFIG was not found in module [project]/.gemini/antigravity/scratch/nexfolio/src
/lib/constants.ts [app-rsc] (ecmascript).
The module has no exports at all.
All exports of the module are statically known (It doesn't have dynamic exports). So it's known statically that the 
requested export doesn't exist.


./.gemini/antigravity/scratch/nexfolio/src/components/shared/Footer.tsx:5:1
Export SITE_CONFIG doesn't exist in target module
  [90m3 |[0m [36mimport[0m [33mLink[0m [36mfrom[0m [32m'next/link'[0m;
  [90m4 |[0m [36mimport[0m { [33mSparkles[0m, [33mCode[0m, [33mGlobe[0m, [33mLink2[0m, [33mMail[0m, 
[33mHeart[0m } [36mfrom[0m [32m'lucide-react'[0m;
[31m[1m>[0m [90m5 |[0m [36mimport[0m { [33mSITE_CONFIG[0m } [36mfrom[0m [32m'@/lib/constants'[0m;
  [90m  |[0m [31m[1m^^^^^^^^^^^^^^^^^^^^^^^^^^^^^^^^^^^^^^^^^^^^^^[0m
  [90m6 |[0m
  [90m7 |[0m [36mconst[0m footerLinks = {
  [90m8 |[0m   [33mProduct[0m: [

The export SITE_CONFIG was not found in module [project]/.gemini/antigravity/scratch/nexfolio/src/lib/constants.ts 
[app-client] (ecmascript).
The module has no exports at all.
All exports of the module are statically known (It doesn't have dynamic exports). So it's known statically that the 
requested export doesn't exist.

Import traces:
  Server Component:
    ./.gemini/antigravity/scratch/nexfolio/src/components/shared/Footer.tsx
    ./.gemini/antigravity/scratch/nexfolio/src/app/pricing/page.tsx

  Client Component Browser:
    ./.gemini/antigravity/scratch/nexfolio/src/components/shared/Footer.tsx [Client Component Browser]
    ./.gemini/antigravity/scratch/nexfolio/src/components/shared/Footer.tsx [Server Component]
    ./.gemini/antigravity/scratch/nexfolio/src/app/faq/page.tsx [Server Component]

  Client Component SSR:
    ./.gemini/antigravity/scratch/nexfolio/src/components/shared/Footer.tsx [Client Component SSR]
    ./.gemini/antigravity/scratch/nexfolio/src/components/shared/Footer.tsx [Server Component]
    ./.gemini/antigravity/scratch/nexfolio/src/app/faq/page.tsx [Server Component]


./.gemini/antigravity/scratch/nexfolio/src/components/shared/Footer.tsx:5:1
Export SITE_CONFIG doesn't exist in target module
  [90m3 |[0m [36mimport[0m [33mLink[0m [36mfrom[0m [32m'next/link'[0m;
  [90m4 |[0m [36mimport[0m { [33mSparkles[0m, [33mCode[0m, [33mGlobe[0m, [33mLink2[0m, [33mMail[0m, 
[33mHeart[0m } [36mfrom[0m [32m'lucide-react'[0m;
[31m[1m>[0m [90m5 |[0m [36mimport[0m { [33mSITE_CONFIG[0m } [36mfrom[0m [32m'@/lib/constants'[0m;
  [90m  |[0m [31m[1m^^^^^^^^^^^^^^^^^^^^^^^^^^^^^^^^^^^^^^^^^^^^^^[0m
  [90m6 |[0m
  [90m7 |[0m [36mconst[0m footerLinks = {
  [90m8 |[0m   [33mProduct[0m: [

The export SITE_CONFIG was not found in module [project]/.gemini/antigravity/scratch/nexfolio/src/lib/constants.ts 
[app-ssr] (ecmascript).
The module has no exports at all.
All exports of the module are statically known (It doesn't have dynamic exports). So it's known statically that the 
requested export doesn't exist.

Import traces:
  Server Component:
    ./.gemini/antigravity/scratch/nexfolio/src/components/shared/Footer.tsx
    ./.gemini/antigravity/scratch/nexfolio/src/app/pricing/page.tsx

  Client Component Browser:
    ./.gemini/antigravity/scratch/nexfolio/src/components/shared/Footer.tsx [Client Component Browser]
    ./.gemini/antigravity/scratch/nexfolio/src/components/shared/Footer.tsx [Server Component]
    ./.gemini/antigravity/scratch/nexfolio/src/app/faq/page.tsx [Server Component]

  Client Component SSR:
    ./.gemini/antigravity/scratch/nexfolio/src/components/shared/Footer.tsx [Client Component SSR]
    ./.gemini/antigravity/scratch/nexfolio/src/components/shared/Footer.tsx [Server Component]
    ./.gemini/antigravity/scratch/nexfolio/src/app/faq/page.tsx [Server Component]


./.gemini/antigravity/scratch/nexfolio/src/components/shared/Navbar.tsx:7:1
Export SITE_CONFIG doesn't exist in target module
  [90m 5 |[0m [36mimport[0m [33mLink[0m [36mfrom[0m [32m'next/link'[0m;
  [90m 6 |[0m [36mimport[0m { [33mMenu[0m, [33mX[0m, [33mSparkles[0m, [33mChevronRight[0m } 
[36mfrom[0m [32m'lucide-react'[0m;
[31m[1m>[0m [90m 7 |[0m [36mimport[0m { [33mNAV_LINKS[0m, [33mSITE_CONFIG[0m } [36mfrom[0m 
[32m'@/lib/constants'[0m;
  [90m   |[0m [31m[1m^^^^^^^^^^^^^^^^^^^^^^^^^^^^^^^^^^^^^^^^^^^^^^^^^^^^^^^^^[0m
  [90m 8 |[0m
  [90m 9 |[0m [36mexport[0m [36mdefault[0m [36mfunction[0m [33mNavbar[0m() {
  [90m10 |[0m   [36mconst[0m [isScrolled, setIsScrolled] = useState([36mfalse[0m);

The export SITE_CONFIG was not found in module [project]/.gemini/antigravity/scratch/nexfolio/src/lib/constants.ts 
[app-client] (ecmascript).
The module has no exports at all.
All exports of the module are statically known (It doesn't have dynamic exports). So it's known statically that the 
requested export doesn't exist.

Import traces:
  Server Component:
    ./.gemini/antigravity/scratch/nexfolio/src/components/shared/Navbar.tsx
    ./.gemini/antigravity/scratch/nexfolio/src/app/pricing/page.tsx

  Client Component Browser:
    ./.gemini/antigravity/scratch/nexfolio/src/components/shared/Navbar.tsx [Client Component Browser]
    ./.gemini/antigravity/scratch/nexfolio/src/components/shared/Navbar.tsx [Server Component]
    ./.gemini/antigravity/scratch/nexfolio/src/app/faq/page.tsx [Server Component]

  Client Component SSR:
    ./.gemini/antigravity/scratch/nexfolio/src/components/shared/Navbar.tsx [Client Component SSR]
    ./.gemini/antigravity/scratch/nexfolio/src/components/shared/Navbar.tsx [Server Component]
    ./.gemini/antigravity/scratch/nexfolio/src/app/faq/page.tsx [Server Component]


./.gemini/antigravity/scratch/nexfolio/src/components/shared/Navbar.tsx:7:1
Export SITE_CONFIG doesn't exist in target module
  [90m 5 |[0m [36mimport[0m [33mLink[0m [36mfrom[0m [32m'next/link'[0m;
  [90m 6 |[0m [36mimport[0m { [33mMenu[0m, [33mX[0m, [33mSparkles[0m, [33mChevronRight[0m } [36mfrom[0m 
[32m'lucide-react'[0m;
[31m[1m>[0m [90m 7 |[0m [36mimport[0m { [33mNAV_LINKS[0m, [33mSITE_CONFIG[0m } [36mfrom[0m 
[32m'@/lib/constants'[0m;
  [90m   |[0m [31m[1m^^^^^^^^^^^^^^^^^^^^^^^^^^^^^^^^^^^^^^^^^^^^^^^^^^^^^^^^^[0m
  [90m 8 |[0m
  [90m 9 |[0m [36mexport[0m [36mdefault[0m [36mfunction[0m [33mNavbar[0m() {
  [90m10 |[0m   [36mconst[0m [isScrolled, setIsScrolled] = useState([36mfalse[0m);

The export SITE_CONFIG was not found in module [project]/.gemini/antigravity/scratch/nexfolio/src/lib/constants.ts 
[app-ssr] (ecmascript).
The module has no exports at all.
All exports of the module are statically known (It doesn't have dynamic exports). So it's known statically that the 
requested export doesn't exist.

Import traces:
  Server Component:
    ./.gemini/antigravity/scratch/nexfolio/src/components/shared/Navbar.tsx
    ./.gemini/antigravity/scratch/nexfolio/src/app/pricing/page.tsx

  Client Component Browser:
    ./.gemini/antigravity/scratch/nexfolio/src/components/shared/Navbar.tsx [Client Component Browser]
    ./.gemini/antigravity/scratch/nexfolio/src/components/shared/Navbar.tsx [Server Component]
    ./.gemini/antigravity/scratch/nexfolio/src/app/faq/page.tsx [Server Component]

  Client Component SSR:
    ./.gemini/antigravity/scratch/nexfolio/src/components/shared/Navbar.tsx [Client Component SSR]
    ./.gemini/antigravity/scratch/nexfolio/src/components/shared/Navbar.tsx [Server Component]
    ./.gemini/antigravity/scratch/nexfolio/src/app/faq/page.tsx [Server Component]


./.gemini/antigravity/scratch/nexfolio/src/app/dashboard/wizard/page.tsx:10:1
Export SKILLS_DATABASE doesn't exist in target module
  [90m 8 |[0m   [33mSparkles[0m,
  [90m 9 |[0m } [36mfrom[0m [32m'lucide-react'[0m;
[31m[1m>[0m [90m10 |[0m [36mimport[0m { [33mWIZARD_STEPS[0m, [33mSTREAMS[0m, [33mSKILLS_DATABASE[0m, 
[33mTEMPLATES[0m } [36mfrom[0m [32m'@/lib/constants'[0m;
  [90m   |[0m [31m[1m^^^^^^^^^^^^^^^^^^^^^^^^^^^^^^^^^^^^^^^^^^^^^^^^^^^^^^^^^^^^^^^^^^^^^^^^^^^^^^^^^^^^[0m
  [90m11 |[0m
  [90m12 |[0m [36mconst[0m stepIcons = [[33mUser[0m, [33mGraduationCap[0m, [33mLightbulb[0m, [33mFolderKan
ban[0m, [33mBriefcase[0m, [33mFileUp[0m, [33mPalette[0m];
  [90m13 |[0m

The export SKILLS_DATABASE was not found in module [project]/.gemini/antigravity/scratch/nexfolio/src/lib/constants.ts 
[app-client] (ecmascript).
The module has no exports at all.
All exports of the module are statically known (It doesn't have dynamic exports). So it's known statically that the 
requested export doesn't exist.

Import traces:
  Client Component Browser:
    ./.gemini/antigravity/scratch/nexfolio/src/app/dashboard/wizard/page.tsx [Client Component Browser]
    ./.gemini/antigravity/scratch/nexfolio/src/app/dashboard/wizard/page.tsx [Server Component]

  Client Component SSR:
    ./.gemini/antigravity/scratch/nexfolio/src/app/dashboard/wizard/page.tsx [Client Component SSR]
    ./.gemini/antigravity/scratch/nexfolio/src/app/dashboard/wizard/page.tsx [Server Component]


./.gemini/antigravity/scratch/nexfolio/src/app/dashboard/wizard/page.tsx:10:1
Export SKILLS_DATABASE doesn't exist in target module
  [90m 8 |[0m   [33mSparkles[0m,
  [90m 9 |[0m } [36mfrom[0m [32m'lucide-react'[0m;
[31m[1m>[0m [90m10 |[0m [36mimport[0m { [33mWIZARD_STEPS[0m, [33mSTREAMS[0m, [33mSKILLS_DATABASE[0m, 
[33mTEMPLATES[0m } [36mfrom[0m [32m'@/lib/constants'[0m;
  [90m   |[0m [31m[1m^^^^^^^^^^^^^^^^^^^^^^^^^^^^^^^^^^^^^^^^^^^^^^^^^^^^^^^^^^^^^^^^^^^^^^^^^^^^^^^^^^^^[0m
  [90m11 |[0m
  [90m12 |[0m [36mconst[0m stepIcons = [[33mUser[0m, [33mGraduationCap[0m, [33mLightbulb[0m, 
[33mFolderKanban[0m, [33mBriefcase[0m, [33mFileUp[0m, [33mPalette[0m];
  [90m13 |[0m

The export SKILLS_DATABASE was not found in module [project]/.gemini/antigravity/scratch/nexfolio/src/lib/constants.ts 
[app-ssr] (ecmascript).
The module has no exports at all.
All exports of the module are statically known (It doesn't have dynamic exports). So it's known statically that the 
requested export doesn't exist.

Import traces:
  Client Component Browser:
    ./.gemini/antigravity/scratch/nexfolio/src/app/dashboard/wizard/page.tsx [Client Component Browser]
    ./.gemini/antigravity/scratch/nexfolio/src/app/dashboard/wizard/page.tsx [Server Component]

  Client Component SSR:
    ./.gemini/antigravity/scratch/nexfolio/src/app/dashboard/wizard/page.tsx [Client Component SSR]
    ./.gemini/antigravity/scratch/nexfolio/src/app/dashboard/wizard/page.tsx [Server Component]


./.gemini/antigravity/scratch/nexfolio/src/app/dashboard/wizard/page.tsx:10:1
Export STREAMS doesn't exist in target module
  [90m 8 |[0m   [33mSparkles[0m,
  [90m 9 |[0m } [36mfrom[0m [32m'lucide-react'[0m;
[31m[1m>[0m [90m10 |[0m [36mimport[0m { [33mWIZARD_STEPS[0m, [33mSTREAMS[0m, [33mSKILLS_DATABASE[0m, 
[33mTEMPLATES[0m } [36mfrom[0m [32m'@/lib/constants'[0m;
  [90m   |[0m [31m[1m^^^^^^^^^^^^^^^^^^^^^^^^^^^^^^^^^^^^^^^^^^^^^^^^^^^^^^^^^^^^^^^^^^^^^^^^^^^^^^^^^^^^[0m
  [90m11 |[0m
  [90m12 |[0m [36mconst[0m stepIcons = [[33mUser[0m, [33mGraduationCap[0m, [33mLightbulb[0m, 
[33mFolderKanban[0m, [33mBriefcase[0m, [33mFileUp[0m, [33mPalette[0m];
  [90m13 |[0m

The export STREAMS was not found in module [project]/.gemini/antigravity/scratch/nexfolio/src/lib/constants.ts 
[app-client] (ecmascript).
The module has no exports at all.
All exports of the module are statically known (It doesn't have dynamic exports). So it's known statically that the 
requested export doesn't exist.

Import traces:
  Client Component Browser:
    ./.gemini/antigravity/scratch/nexfolio/src/app/dashboard/wizard/page.tsx [Client Component Browser]
    ./.gemini/antigravity/scratch/nexfolio/src/app/dashboard/wizard/page.tsx [Server Component]

  Client Component SSR:
    ./.gemini/antigravity/scratch/nexfolio/src/app/dashboard/wizard/page.tsx [Client Component SSR]
    ./.gemini/antigravity/scratch/nexfolio/src/app/dashboard/wizard/page.tsx [Server Component]


./.gemini/antigravity/scratch/nexfolio/src/app/dashboard/wizard/page.tsx:10:1
Export STREAMS doesn't exist in target module
  [90m 8 |[0m   [33mSparkles[0m,
  [90m 9 |[0m } [36m
from[0m [32m'lucide-react'[0m;
[31m[1m>[0m [90m10 |[0m [36mimport[0m { [33mWIZARD_STEPS[0m, [33mSTREAMS[0m, [33mSKILLS_DATABASE[0m, 
[33mTEMPLATES[0m } [36mfrom[0m [32m'@/lib/constants'[0m;
  [90m   |[0m [31m[1m^^^^^^^^^^^^^^^^^^^^^^^^^^^^^^^^^^^^^^^^^^^^^^^^^^^^^^^^^^^^^^^^^^^^^^^^^^^^^^^^^^^^[0m
  [90m11 |[0m
  [90m12 |[0m [36mconst[0m stepIcons = [[33mUser[0m, [33mGraduationCap[0m, [33mLightbulb[0m, 
[33mFolderKanban[0m, [33mBriefcase[0m, [33mFileUp[0m, [33mPalette[0m];
  [90m13 |[0m

The export STREAMS was not found in module [project]/.gemini/antigravity/scratch/nexfolio/src/lib/constants.ts 
[app-ssr] (ecmascript).
The module has no exports at all.
All exports of the module are statically known (It doesn't have dynamic exports). So it's known statically that the 
requested export doesn't exist.

Import traces:
  Client Component Browser:
    ./.gemini/antigravity/scratch/nexfolio/src/app/dashboard/wizard/page.tsx [Client Component Browser]
    ./.gemini/antigravity/scratch/nexfolio/src/app/dashboard/wizard/page.tsx [Server Component]

  Client Component SSR:
    ./.gemini/antigravity/scratch/nexfolio/src/app/dashboard/wizard/page.tsx [Client Component SSR]
    ./.gemini/antigravity/scratch/nexfolio/src/app/dashboard/wizard/page.tsx [Server Component]


./.gemini/antigravity/scratch/nexfolio/src/components/landing/TrustedBySection.tsx:6:1
Export STREAMS doesn't exist in target module
  [90m4 |[0m [36mimport[0m { useInView } [36mfrom[0m [32m'framer-motion'[0m;
  [90m5 |[0m [36mimport[0m { useRef } [36mfrom[0m [32m'react'[0m;
[31m[1m>[0m [90m6 |[0m [36mimport[0m { [33mSTREAMS[0m } [36mfrom[0m [32m'@/lib/constants'[0m;
  [90m  |[0m [31m[1m^^^^^^^^^^^^^^^^^^^^^^^^^^^^^^^^^^^^^^^^^^[0m
  [90m7 |[0m
  [90m8 |[0m [36mconst[0m logos = [
  [90m9 |[0m   [32m'IIT Delhi'[0m, [32m'IIM Bangalore'[0m, [32m'VIT'[0m, [32m'Christ University'[0m,

The export STREAMS was not found in module [project]/.gemini/antigravity/scratch/nexfolio/src/lib/constants.ts 
[app-client] (ecmascript).
The module has no exports at all.
All exports of the module are statically known (It doesn't have dynamic exports). So it's known statically that the 
requested export doesn't exist.

Import trace:
  Server Component:
    ./.gemini/antigravity/scratch/nexfolio/src/components/landing/TrustedBySection.tsx
    ./.gemini/antigravity/scratch/nexfolio/src/app/page.tsx


./.gemini/antigravity/scratch/nexfolio/src/components/landing/TrustedBySection.tsx:6:1
Export STREAMS doesn't exist in target module
  [90m4 |[0m [36mimport[0m { useInView } [36mfrom[0m [32m'framer-motion'[0m;
  [90m5 |[0m [36mimport[0m { useRef } [36mfrom[0m [32m'react'[0m;
[31m[1m>[0m [90m6 |[0m [36mimport[0m { [33mSTREAMS[0m } [36mfrom[0m [32m'@/lib/constants'[0m;
  [90m  |[0m [31m[1m^^^^^^^^^^^^^^^^^^^^^^^^^^^^^^^^^^^^^^^^^^[0m
  [90m7 |[0m
  [90m8 |[0m [36mconst[0m logos = [
  [90m9 |[0m   [32m'IIT Delhi'[0m, [32m'IIM Bangalore'[0m, [32m'VIT'[0m, [32m'Christ University'[0m,

The export STREAMS was not found in module [project]/.gemini/antigravity/scratch/nexfolio/src/lib/constants.ts 
[app-ssr] (ecmascript).
The module has no exports at all.
All exports of the module are statically known (It doesn't have dynamic exports). So it's known statically that the 
requested export doesn't exist.

Import trace:
  Server Component:
    ./.gemini/antigravity/scratch/nexfolio/src/components/landing/TrustedBySection.tsx
    ./.gemini/antigravity/scratch/nexfolio/src/app/page.tsx


./.gemini/antigravity/scratch/nexfolio/src/app/admin/templates/page.tsx:5:1
Export TEMPLATES doesn't exist in target module
  [90m3 |[0m [36mimport[0m { motion } [36mfrom[0m [32m'framer-motion'[0m;
  [90m4 |[0m [36mimport[0m { [33mLayout[0m, [33mPlus[0m, [33mEye[0m, [33mEdit[0m, [33mTrash2[0m, 
[33mStar[0m } [36mfrom[0m [32m'lucide-react'[0m;
[31m[1m>[0m [90m5 |[0m [36mimport[0m { [33mTEMPLATES[0m } [36mfrom[0m [32m'@/lib/constants'[0m;
  [90m  |[
0m [31m[1m^^^^^^^^^^^^^^^^^^^^^^^^^^^^^^^^^^^^^^^^^^^^[0m
  [90m6 |[0m
  [90m7 |[0m [36mexport[0m [36mdefault[0m [36mfunction[0m [33mAdminTemplatesPage[0m() {
  [90m8 |[0m   [36mreturn[0m (

The export TEMPLATES was not found in module [project]/.gemini/antigravity/scratch/nexfolio/src/lib/constants.ts 
[app-client] (ecmascript).
The module has no exports at all.
All exports of the module are statically known (It doesn't have dynamic exports). So it's known statically that the 
requested export doesn't exist.

Import traces:
  Client Component Browser:
    ./.gemini/antigravity/scratch/nexfolio/src/app/admin/templates/page.tsx [Client Component Browser]
    ./.gemini/antigravity/scratch/nexfolio/src/app/admin/templates/page.tsx [Server Component]

  Client Component SSR:
    ./.gemini/antigravity/scratch/nexfolio/src/app/admin/templates/page.tsx [Client Component SSR]
    ./.gemini/antigravity/scratch/nexfolio/src/app/admin/templates/page.tsx [Server Component]


./.gemini/antigravity/scratch/nexfolio/src/app/admin/templates/page.tsx:5:1
Export TEMPLATES doesn't exist in target module
  [90m3 |[0m [36mimport[0m { motion } [36mfrom[0m [32m'framer-motion'[0m;
  [90m4 |[0m [36mimport[0m { [33mLayout[0m, [33mPlus[0m, [33mEye[0m, [33mEdit[0m, [33mTrash2[0m, 
[33mStar[0m } [36mfrom[0m [32m'lucide-react'[0m;
[31m[1m>[0m [90m5 |[0m [36mimport[0m { [33mTEMPLATES[0m } [36mfrom[0m [32m'@/lib/constants'[0m;
  [90m  |[0m [31m[1m^^^^^^^^^^^^^^^^^^^^^^^^^^^^^^^^^^^^^^^^^^^^[0m
  [90m6 |[0m
  [90m7 |[0m [36mexport[0m [36mdefault[0m [36mfunction[0m [33mAdminTemplatesPage[0m() {
  [90m8 |[0m   [36mreturn[0m (

The export TEMPLATES was not found in module [project]/.gemini/antigravity/scratch/nexfolio/src/lib/constants.ts 
[app-ssr] (ecmascript).
The module has no exports at all.
All exports of the module are statically known (It doesn't have dynamic exports). So it's known statically that the 
requested export doesn't exist.

Import traces:
  Client Component Browser:
    ./.gemini/antigravity/scratch/nexfolio/src/app/admin/templates/page.tsx [Client Component Browser]
    ./.gemini/antigravity/scratch/nexfolio/src/app/admin/templates/page.tsx [Server Component]

  Client Component SSR:
    ./.gemini/antigravity/scratch/nexfolio/src/app/admin/templates/page.tsx [Client Component SSR]
    ./.gemini/antigravity/scratch/nexfolio/src/app/admin/templates/page.tsx [Server Component]


./.gemini/antigravity/scratch/nexfolio/src/app/dashboard/wizard/page.tsx:10:1
Export TEMPLATES doesn't exist in target module
  [90m 8 |[0m   [33mSparkles[0m,
  [90m 9 |[0m } [36mfrom[0m [32m'lucide-react'[0m;
[31m[1m>[0m [90m10 |[0m [36mimport[0m { [33mWIZARD_STEPS[0m, [33mSTREAMS[0m, [33mSKILLS_DATABASE[0m, 
[33mTEMPLATES[0m } [36mfrom[0m [32m'@/lib/constants'[0m;
  [90m   |[0m [31m[1m^^^^^^^^^^^^^^^^^^^^^^^^^^^^^^^^^^^^^^^^^^^^^^^^^^^^^^^^^^^^^^^^^^^^^^^^^^^^^^^^^^^^[0m
  [90m11 |[0m
  [90m12 |[0m [36mconst[0m stepIcons = [[33mUser[0m, [33mGraduationCap[0m, [33mLightbulb[0m, 
[33mFolderKanban[0m, [33mBriefcase[0m, [33mFileUp[0m, [33mPalette[0m];
  [90m13 |[0m

The export TEMPLATES was not found in module [project]/.gemini/antigravity/scratch/nexfolio/src/lib/constants.ts 
[app-client] (ecmascript).
The module has no exports at all.
All exports of the module are statically known (It doesn't have dynamic exports). So it's known statically that the 
requested export doesn't exist.

Import traces:
  Client Component Browser:
    ./.gemini/antigravity/scratch/nexfolio/src/app/dashboard/wizard/page.tsx [Client Component Browser]
    ./.gemini/antigravity/scratch/nexfolio/src/app/dashboard/wizard/page.tsx [Server Component]

  Client Component SSR:
    ./.gemini/antigravity/scratch/nexfolio/src/app/dashboard/wizard/page.tsx [Client Component SSR]
    ./.gemini/antigravity/scratch/nexfolio/src/app/dashboard/wizard/page.tsx [Server Component]


./.gemini/antigravity/scratch/nexfolio/src/app/dashboard/wizard/page.tsx:10:1
Export TEMPLATES doesn'
t exist in target module
  [90m 8 |[0m   [33mSparkles[0m,
  [90m 9 |[0m } [36mfrom[0m [32m'lucide-react'[0m;
[31m[1m>[0m [90m10 |[0m [36mimport[0m { [33mWIZARD_STEPS[0m, [33mSTREAMS[0m, [33mSKILLS_DATABASE[0m, 
[33mTEMPLATES[0m } [36mfrom[0m [32m'@/lib/constants'[0m;
  [90m   |[0m [31m[1m^^^^^^^^^^^^^^^^^^^^^^^^^^^^^^^^^^^^^^^^^^^^^^^^^^^^^^^^^^^^^^^^^^^^^^^^^^^^^^^^^^^^[0m
  [90m11 |[0m
  [90m12 |[0m [36mconst[0m stepIcons = [[33mUser[0m, [33mGraduationCap[0m, [33mLightbulb[0m, 
[33mFolderKanban[0m, [33mBriefcase[0m, [33mFileUp[0m, [33mPalette[0m];
  [90m13 |[0m

The export TEMPLATES was not found in module [project]/.gemini/antigravity/scratch/nexfolio/src/lib/constants.ts 
[app-ssr] (ecmascript).
The module has no exports at all.
All exports of the module are statically known (It doesn't have dynamic exports). So it's known statically that the 
requested export doesn't exist.

Import traces:
  Client Component Browser:
    ./.gemini/antigravity/scratch/nexfolio/src/app/dashboard/wizard/page.tsx [Client Component Browser]
    ./.gemini/antigravity/scratch/nexfolio/src/app/dashboard/wizard/page.tsx [Server Component]

  Client Component SSR:
    ./.gemini/antigravity/scratch/nexfolio/src/app/dashboard/wizard/page.tsx [Client Component SSR]
    ./.gemini/antigravity/scratch/nexfolio/src/app/dashboard/wizard/page.tsx [Server Component]


./.gemini/antigravity/scratch/nexfolio/src/app/templates/page.tsx:6:1
Export TEMPLATES doesn't exist in target module
  [90m4 |[0m [36mimport[0m [33mNavbar[0m [36mfrom[0m [32m'@/components/shared/Navbar'[0m;
  [90m5 |[0m [36mimport[0m [33mFooter[0m [36mfrom[0m [32m'@/components/shared/Footer'[0m;
[31m[1m>[0m [90m6 |[0m [36mimport[0m { [33mTEMPLATES[0m } [36mfrom[0m [32m'@/lib/constants'[0m;
  [90m  |[0m [31m[1m^^^^^^^^^^^^^^^^^^^^^^^^^^^^^^^^^^^^^^^^^^^^[0m
  [90m7 |[0m [36mimport[0m { [33mLayout[0m, [33mArrowRight[0m } [36mfrom[0m [32m'lucide-react'[0m;
  [90m8 |[0m [36mimport[0m [33mLink[0m [36mfrom[0m [32m'next/link'[0m;
  [90m9 |[0m

The export TEMPLATES was not found in module [project]/.gemini/antigravity/scratch/nexfolio/src/lib/constants.ts 
[app-client] (ecmascript).
The module has no exports at all.
All exports of the module are statically known (It doesn't have dynamic exports). So it's known statically that the 
requested export doesn't exist.

Import traces:
  Client Component Browser:
    ./.gemini/antigravity/scratch/nexfolio/src/app/templates/page.tsx [Client Component Browser]
    ./.gemini/antigravity/scratch/nexfolio/src/app/templates/page.tsx [Server Component]

  Client Component SSR:
    ./.gemini/antigravity/scratch/nexfolio/src/app/templates/page.tsx [Client Component SSR]
    ./.gemini/antigravity/scratch/nexfolio/src/app/templates/page.tsx [Server Component]


./.gemini/antigravity/scratch/nexfolio/src/app/templates/page.tsx:6:1
Export TEMPLATES doesn't exist in target module
  [90m4 |[0m [36mimport[0m [33mNavbar[0m [36mfrom[0m [32m'@/components/shared/Navbar'[0m;
  [90m5 |[0m [36mimport[0m [33mFooter[0m [36mfrom[0m [32m'@/components/shared/Footer'[0m;
[31m[1m>[0m [90m6 |[0m [36mimport[0m { [33mTEMPLATES[0m } [36mfrom[0m [32m'@/lib/constants'[0m;
  [90m  |[0m [31m[1m^^^^^^^^^^^^^^^^^^^^^^^^^^^^^^^^^^^^^^^^^^^^[0m
  [90m7 |[0m [36mimport[0m { [33mLayout[0m, [33mArrowRight[0m } [36mfrom[0m [32m'lucide-react'[0m;
  [90m8 |[0m [36mimport[0m [33mLink[0m [36mfrom[0m [32m'next/link'[0m;
  [90m9 |[0m

The export TEMPLATES was not found in module [project]/.gemini/antigravity/scratch/nexfolio/src/lib/constants.ts 
[app-ssr] (ecmascript).
The module has no exports at all.
All exports of the module are statically known (It doesn't have dynamic exports). So it's known statically that the 
requested export doesn't exist.

Import traces:
  Client Component Browser:
    ./.gemini/antigravity/scratch/nexfolio/src/app/templates/page.tsx [Client Component Browser]
    ./.gemini/antigravity/scratch/nexfolio/src/a
pp/templates/page.tsx [Server Component]

  Client Component SSR:
    ./.gemini/antigravity/scratch/nexfolio/src/app/templates/page.tsx [Client Component SSR]
    ./.gemini/antigravity/scratch/nexfolio/src/app/templates/page.tsx [Server Component]


./.gemini/antigravity/scratch/nexfolio/src/components/landing/TemplatesPreview.tsx:5:1
Export TEMPLATES doesn't exist in target module
  [90m3 |[0m [36mimport[0m { motion, useInView } [36mfrom[0m [32m'framer-motion'[0m;
  [90m4 |[0m [36mimport[0m { useRef } [36mfrom[0m [32m'react'[0m;
[31m[1m>[0m [90m5 |[0m [36mimport[0m { [33mTEMPLATES[0m } [36mfrom[0m [32m'@/lib/constants'[0m;
  [90m  |[0m [31m[1m^^^^^^^^^^^^^^^^^^^^^^^^^^^^^^^^^^^^^^^^^^^^[0m
  [90m6 |[0m [36mimport[0m { [33mLayout[0m } [36mfrom[0m [32m'lucide-react'[0m;
  [90m7 |[0m [36mimport[0m [33mLink[0m [36mfrom[0m [32m'next/link'[0m;
  [90m8 |[0m

The export TEMPLATES was not found in module [project]/.gemini/antigravity/scratch/nexfolio/src/lib/constants.ts 
[app-client] (ecmascript).
The module has no exports at all.
All exports of the module are statically known (It doesn't have dynamic exports). So it's known statically that the 
requested export doesn't exist.

Import trace:
  Server Component:
    ./.gemini/antigravity/scratch/nexfolio/src/components/landing/TemplatesPreview.tsx
    ./.gemini/antigravity/scratch/nexfolio/src/app/page.tsx


./.gemini/antigravity/scratch/nexfolio/src/components/landing/TemplatesPreview.tsx:5:1
Export TEMPLATES doesn't exist in target module
  [90m3 |[0m [36mimport[0m { motion, useInView } [36mfrom[0m [32m'framer-motion'[0m;
  [90m4 |[0m [36mimport[0m { useRef } [36mfrom[0m [32m'react'[0m;
[31m[1m>[0m [90m5 |[0m [36mimport[0m { [33mTEMPLATES[0m } [36mfrom[0m [32m'@/lib/constants'[0m;
  [90m  |[0m [31m[1m^^^^^^^^^^^^^^^^^^^^^^^^^^^^^^^^^^^^^^^^^^^^[0m
  [90m6 |[0m [36mimport[0m { [33mLayout[0m } [36mfrom[0m [32m'lucide-react'[0m;
  [90m7 |[0m [36mimport[0m [33mLink[0m [36mfrom[0m [32m'next/link'[0m;
  [90m8 |[0m

The export TEMPLATES was not found in module [project]/.gemini/antigravity/scratch/nexfolio/src/lib/constants.ts 
[app-ssr] (ecmascript).
The module has no exports at all.
All exports of the module are statically known (It doesn't have dynamic exports). So it's known statically that the 
requested export doesn't exist.

Import trace:
  Server Component:
    ./.gemini/antigravity/scratch/nexfolio/src/components/landing/TemplatesPreview.tsx
    ./.gemini/antigravity/scratch/nexfolio/src/app/page.tsx


./.gemini/antigravity/scratch/nexfolio/src/components/landing/TestimonialsSection.tsx:6:1
Export TESTIMONIALS doesn't exist in target module
  [90m4 |[0m [36mimport[0m { useRef, useState } [36mfrom[0m [32m'react'[0m;
  [90m5 |[0m [36mimport[0m { [33mStar[0m, [33mChevronLeft[0m, [33mChevronRight[0m, [33mQuote[0m } 
[36mfrom[0m [32m'lucide-react'[0m;
[31m[1m>[0m [90m6 |[0m [36mimport[0m { [33mTESTIMONIALS[0m } [36mfrom[0m [32m'@/lib/constants'[0m;
  [90m  |[0m [31m[1m^^^^^^^^^^^^^^^^^^^^^^^^^^^^^^^^^^^^^^^^^^^^^^^[0m
  [90m7 |[0m [36mimport[0m { getInitials, generateAvatarColor } [36mfrom[0m [32m'@/lib/utils'[0m;
  [90m8 |[0m
  [90m9 |[0m [36mexport[0m [36mdefault[0m [36mfunction[0m [33mTestimonialsSection[0m() {

The export TESTIMONIALS was not found in module [project]/.gemini/antigravity/scratch/nexfolio/src/lib/constants.ts 
[app-client] (ecmascript).
The module has no exports at all.
All exports of the module are statically known (It doesn't have dynamic exports). So it's known statically that the 
requested export doesn't exist.

Import trace:
  Server Component:
    ./.gemini/antigravity/scratch/nexfolio/src/components/landing/TestimonialsSection.tsx
    ./.gemini/antigravity/scratch/nexfolio/src/app/page.tsx


./.gemini/antigravity/scratch/nexfolio/src/components/landing/TestimonialsSection.tsx:6:1
Export TESTIMONIALS doesn't exist in target module
  [90m4 |[0m [36mimport[0m { useRef, useState } [36mfr
om[0m [32m'react'[0m;
  [90m5 |[0m [36mimport[0m { [33mStar[0m, [33mChevronLeft[0m, [33mChevronRight[0m, [33mQuote[0m } 
[36mfrom[0m [32m'lucide-react'[0m;
[31m[1m>[0m [90m6 |[0m [36mimport[0m { [33mTESTIMONIALS[0m } [36mfrom[0m [32m'@/lib/constants'[0m;
  [90m  |[0m [31m[1m^^^^^^^^^^^^^^^^^^^^^^^^^^^^^^^^^^^^^^^^^^^^^^^[0m
  [90m7 |[0m [36mimport[0m { getInitials, generateAvatarColor } [36mfrom[0m [32m'@/lib/utils'[0m;
  [90m8 |[0m
  [90m9 |[0m [36mexport[0m [36mdefault[0m [36mfunction[0m [33mTestimonialsSection[0m() {

The export TESTIMONIALS was not found in module [project]/.gemini/antigravity/scratch/nexfolio/src/lib/constants.ts 
[app-ssr] (ecmascript).
The module has no exports at all.
All exports of the module are statically known (It doesn't have dynamic exports). So it's known statically that the 
requested export doesn't exist.

Import trace:
  Server Component:
    ./.gemini/antigravity/scratch/nexfolio/src/components/landing/TestimonialsSection.tsx
    ./.gemini/antigravity/scratch/nexfolio/src/app/page.tsx


./.gemini/antigravity/scratch/nexfolio/src/app/dashboard/wizard/page.tsx:10:1
Export WIZARD_STEPS doesn't exist in target module
  [90m 8 |[0m   [33mSparkles[0m,
  [90m 9 |[0m } [36mfrom[0m [32m'lucide-react'[0m;
[31m[1m>[0m [90m10 |[0m [36mimport[0m { [33mWIZARD_STEPS[0m, [33mSTREAMS[0m, [33mSKILLS_DATABASE[0m, 
[33mTEMPLATES[0m } [36mfrom[0m [32m'@/lib/constants'[0m;
  [90m   |[0m [31m[1m^^^^^^^^^^^^^^^^^^^^^^^^^^^^^^^^^^^^^^^^^^^^^^^^^^^^^^^^^^^^^^^^^^^^^^^^^^^^^^^^^^^^[0m
  [90m11 |[0m
  [90m12 |[0m [36mconst[0m stepIcons = [[33mUser[0m, [33mGraduationCap[0m, [33mLightbulb[0m, 
[33mFolderKanban[0m, [33mBriefcase[0m, [33mFileUp[0m, [33mPalette[0m];
  [90m13 |[0m

The export WIZARD_STEPS was not found in module [project]/.gemini/antigravity/scratch/nexfolio/src/lib/constants.ts 
[app-client] (ecmascript).
The module has no exports at all.
All exports of the module are statically known (It doesn't have dynamic exports). So it's known statically that the 
requested export doesn't exist.

Import traces:
  Client Component Browser:
    ./.gemini/antigravity/scratch/nexfolio/src/app/dashboard/wizard/page.tsx [Client Component Browser]
    ./.gemini/antigravity/scratch/nexfolio/src/app/dashboard/wizard/page.tsx [Server Component]

  Client Component SSR:
    ./.gemini/antigravity/scratch/nexfolio/src/app/dashboard/wizard/page.tsx [Client Component SSR]
    ./.gemini/antigravity/scratch/nexfolio/src/app/dashboard/wizard/page.tsx [Server Component]


./.gemini/antigravity/scratch/nexfolio/src/app/dashboard/wizard/page.tsx:10:1
Export WIZARD_STEPS doesn't exist in target module
  [90m 8 |[0m   [33mSparkles[0m,
  [90m 9 |[0m } [36mfrom[0m [32m'lucide-react'[0m;
[31m[1m>[0m [90m10 |[0m [36mimport[0m { [33mWIZARD_STEPS[0m, [33mSTREAMS[0m, [33mSKILLS_DATABASE[0m, 
[33mTEMPLATES[0m } [36mfrom[0m [32m'@/lib/constants'[0m;
  [90m   |[0m [31m[1m^^^^^^^^^^^^^^^^^^^^^^^^^^^^^^^^^^^^^^^^^^^^^^^^^^^^^^^^^^^^^^^^^^^^^^^^^^^^^^^^^^^^[0m
  [90m11 |[0m
  [90m12 |[0m [36mconst[0m stepIcons = [[33mUser[0m, [33mGraduationCap[0m, [33mLightbulb[0m, 
[33mFolderKanban[0m, [33mBriefcase[0m, [33mFileUp[0m, [33mPalette[0m];
  [90m13 |[0m

The export WIZARD_STEPS was not found in module [project]/.gemini/antigravity/scratch/nexfolio/src/lib/constants.ts 
[app-ssr] (ecmascript).
The module has no exports at all.
All exports of the module are statically known (It doesn't have dynamic exports). So it's known statically that the 
requested export doesn't exist.

Import traces:
  Client Component Browser:
    ./.gemini/antigravity/scratch/nexfolio/src/app/dashboard/wizard/page.tsx [Client Component Browser]
    ./.gemini/antigravity/scratch/nexfolio/src/app/dashboard/wizard/page.tsx [Server Component]

  Client Component SSR:
    ./.gemini/antigravity/scratch/nexfolio/src/app/dashboard/wizard/page.tsx [Client Component SSR]
    ./.gemini/antigravity/scratch/nexfolio/src/app/dashboard/wi
zard/page.tsx [Server Component]


    at <unknown> (./.gemini/antigravity/scratch/nexfolio/src/components/landing/FAQSection.tsx:6:1)
    at <unknown> (./.gemini/antigravity/scratch/nexfolio/src/components/landing/FAQSection.tsx:6:1)
    at <unknown> (./.gemini/antigravity/scratch/nexfolio/src/components/shared/Navbar.tsx:7:1)
    at <unknown> (./.gemini/antigravity/scratch/nexfolio/src/components/shared/Navbar.tsx:7:1)
    at <unknown> (./.gemini/antigravity/scratch/nexfolio/src/app/dashboard/billing/page.tsx:6:1)
    at <unknown> (./.gemini/antigravity/scratch/nexfolio/src/app/dashboard/billing/page.tsx:6:1)
    at <unknown> (./.gemini/antigravity/scratch/nexfolio/src/components/landing/PricingSection.tsx:6:1)
    at <unknown> (./.gemini/antigravity/scratch/nexfolio/src/components/landing/PricingSection.tsx:6:1)
    at <unknown> (./.gemini/antigravity/scratch/nexfolio/src/app/layout.tsx:2:1)
    at <unknown> (./.gemini/antigravity/scratch/nexfolio/src/components/shared/Footer.tsx:5:1)
    at <unknown> (./.gemini/antigravity/scratch/nexfolio/src/components/shared/Footer.tsx:5:1)
    at <unknown> (./.gemini/antigravity/scratch/nexfolio/src/components/shared/Navbar.tsx:7:1)
    at <unknown> (./.gemini/antigravity/scratch/nexfolio/src/components/shared/Navbar.tsx:7:1)
    at <unknown> (./.gemini/antigravity/scratch/nexfolio/src/app/dashboard/wizard/page.tsx:10:1)
    ... collapsed 3 duplicate lines matching above 1 lines 3 times...
    at <unknown> (./.gemini/antigravity/scratch/nexfolio/src/components/landing/TrustedBySection.tsx:6:1)
    at <unknown> (./.gemini/antigravity/scratch/nexfolio/src/components/landing/TrustedBySection.tsx:6:1)
    at <unknown> (./.gemini/antigravity/scratch/nexfolio/src/app/admin/templates/page.tsx:5:1)
    at <unknown> (./.gemini/antigravity/scratch/nexfolio/src/app/admin/templates/page.tsx:5:1)
    at <unknown> (./.gemini/antigravity/scratch/nexfolio/src/app/dashboard/wizard/page.tsx:10:1)
    at <unknown> (./.gemini/antigravity/scratch/nexfolio/src/app/dashboard/wizard/page.tsx:10:1)
    at <unknown> (./.gemini/antigravity/scratch/nexfolio/src/app/templates/page.tsx:6:1)
    at <unknown> (./.gemini/antigravity/scratch/nexfolio/src/app/templates/page.tsx:6:1)
    at <unknown> (./.gemini/antigravity/scratch/nexfolio/src/components/landing/TemplatesPreview.tsx:5:1)
    at <unknown> (./.gemini/antigravity/scratch/nexfolio/src/components/landing/TemplatesPreview.tsx:5:1)
    at <unknown> (./.gemini/antigravity/scratch/nexfolio/src/components/landing/TestimonialsSection.tsx:6:1)
    at <unknown> (./.gemini/antigravity/scratch/nexfolio/src/components/landing/TestimonialsSection.tsx:6:1)
    at <unknown> (./.gemini/antigravity/scratch/nexfolio/src/app/dashboard/wizard/page.tsx:10:1)
    at <unknown> (./.gemini/antigravity/scratch/nexfolio/src/app/dashboard/wizard/page.tsx:10:1)

